Warm-started from ml/policy_bc.pt
iter   0  avg placement 5.38  steps  631  shaping 1.00  league 0
iter   1  avg placement 6.25  steps  428  shaping 0.96  league 0
iter   2  avg placement 5.56  steps  641  shaping 0.93  league 0
iter   3  avg placement 6.06  steps  542  shaping 0.89  league 0
iter   4  avg placement 6.75  steps  441  shaping 0.86  league 0
iter   5  avg placement 6.94  steps  452  shaping 0.82  league 0
iter   6  avg placement 6.06  steps  574  shaping 0.79  league 0
iter   7  avg placement 6.56  steps  420  shaping 0.75  league 0
iter   8  avg placement 5.75  steps  578  shaping 0.71  league 1
iter   9  avg placement 6.31  steps  502  shaping 0.68  league 1
iter  10  avg placement 5.06  steps  653  shaping 0.64  league 1
iter  11  avg placement 6.12  steps  496  shaping 0.61  league 1
iter  12  avg placement 5.50  steps  544  shaping 0.57  league 1
iter  13  avg placement 6.00  steps  519  shaping 0.54  league 1
iter  14  avg placement 5.81  steps  565  shaping 0.50  league 1
iter  15  avg placement 5.94  steps  605  shaping 0.46  league 1
iter  16  avg placement 4.56  steps  795  shaping 0.43  league 2
iter  17  avg placement 5.62  steps  543  shaping 0.39  league 2
iter  18  avg placement 5.88  steps  574  shaping 0.36  league 2
iter  19  avg placement 5.69  steps  594  shaping 0.32  league 2
iter  20  avg placement 5.31  steps  735  shaping 0.29  league 2
iter  21  avg placement 5.06  steps  658  shaping 0.25  league 2
iter  22  avg placement 4.56  steps  741  shaping 0.21  league 2
iter  23  avg placement 5.50  steps  594  shaping 0.18  league 2
iter  24  avg placement 5.31  steps  613  shaping 0.14  league 3
iter  25  avg placement 4.94  steps  704  shaping 0.11  league 3
iter  26  avg placement 5.75  steps  569  shaping 0.07  league 3
iter  27  avg placement 5.75  steps  575  shaping 0.04  league 3
iter  28  avg placement 6.12  steps  542  shaping 0.00  league 3
iter  29  avg placement 6.38  steps  525  shaping 0.00  league 3
iter  30  avg placement 5.38  steps  596  shaping 0.00  league 3
iter  31  avg placement 6.25  steps  542  shaping 0.00  league 3
iter  32  avg placement 5.19  steps  674  shaping 0.00  league 4
iter  33  avg placement 5.81  steps  608  shaping 0.00  league 4
iter  34  avg placement 6.25  steps  519  shaping 0.00  league 4
iter  35  avg placement 5.19  steps  740  shaping 0.00  league 4
iter  36  avg placement 6.19  steps  562  shaping 0.00  league 4
iter  37  avg placement 5.94  steps  529  shaping 0.00  league 4
iter  38  avg placement 5.69  steps  594  shaping 0.00  league 4
iter  39  avg placement 5.75  steps  639  shaping 0.00  league 4
iter  40  avg placement 6.56  steps  540  shaping 0.00  league 5
iter  41  avg placement 5.69  steps  705  shaping 0.00  league 5
iter  42  avg placement 6.31  steps  503  shaping 0.00  league 5
iter  43  avg placement 5.19  steps  721  shaping 0.00  league 5
iter  44  avg placement 4.94  steps  822  shaping 0.00  league 5
iter  45  avg placement 5.19  steps  657  shaping 0.00  league 5
iter  46  avg placement 5.75  steps  651  shaping 0.00  league 5
iter  47  avg placement 6.25  steps  566  shaping 0.00  league 5
iter  48  avg placement 4.88  steps  776  shaping 0.00  league 5
iter  49  avg placement 5.44  steps  639  shaping 0.00  league 5
iter  50  avg placement 5.00  steps  748  shaping 0.00  league 5
iter  51  avg placement 5.38  steps  629  shaping 0.00  league 5
iter  52  avg placement 5.56  steps  626  shaping 0.00  league 5
iter  53  avg placement 5.69  steps  598  shaping 0.00  league 5
iter  54  avg placement 6.25  steps  537  shaping 0.00  league 5
iter  55  avg placement 5.31  steps  671  shaping 0.00  league 5
iter  56  avg placement 5.50  steps  663  shaping 0.00  league 5
iter  57  avg placement 4.69  steps  700  shaping 0.00  league 5
iter  58  avg placement 5.62  steps  604  shaping 0.00  league 5
iter  59  avg placement 5.00  steps  719  shaping 0.00  league 5
iter  60  avg placement 5.94  steps  550  shaping 0.00  league 5
iter  61  avg placement 6.06  steps  578  shaping 0.00  league 5
iter  62  avg placement 4.88  steps  635  shaping 0.00  league 5
iter  63  avg placement 5.81  steps  629  shaping 0.00  league 5
iter  64  avg placement 4.88  steps  751  shaping 0.00  league 5
iter  65  avg placement 5.62  steps  593  shaping 0.00  league 5
iter  66  avg placement 5.38  steps  655  shaping 0.00  league 5
iter  67  avg placement 4.50  steps  830  shaping 0.00  league 5
iter  68  avg placement 4.88  steps  670  shaping 0.00  league 5
iter  69  avg placement 4.50  steps  719  shaping 0.00  league 5
iter  70  avg placement 5.56  steps  524  shaping 0.00  league 5
iter  71  avg placement 5.19  steps  640  shaping 0.00  league 5
iter  72  avg placement 5.94  steps  535  shaping 0.00  league 5
iter  73  avg placement 5.56  steps  547  shaping 0.00  league 5
iter  74  avg placement 5.25  steps  602  shaping 0.00  league 5
iter  75  avg placement 5.31  steps  564  shaping 0.00  league 5
iter  76  avg placement 6.06  steps  469  shaping 0.00  league 5
iter  77  avg placement 4.88  steps  638  shaping 0.00  league 5
iter  78  avg placement 4.50  steps  659  shaping 0.00  league 5
iter  79  avg placement 5.19  steps  542  shaping 0.00  league 5
iter  80  avg placement 5.25  steps  604  shaping 0.00  league 5
iter  81  avg placement 5.19  steps  561  shaping 0.00  league 5
iter  82  avg placement 5.50  steps  588  shaping 0.00  league 5
iter  83  avg placement 5.88  steps  556  shaping 0.00  league 5
iter  84  avg placement 6.06  steps  457  shaping 0.00  league 5
iter  85  avg placement 5.38  steps  530  shaping 0.00  league 5
iter  86  avg placement 4.94  steps  628  shaping 0.00  league 5
iter  87  avg placement 5.50  steps  653  shaping 0.00  league 5
iter  88  avg placement 6.19  steps  529  shaping 0.00  league 5
iter  89  avg placement 5.56  steps  523  shaping 0.00  league 5
iter  90  avg placement 5.06  steps  724  shaping 0.00  league 5
iter  91  avg placement 5.19  steps  595  shaping 0.00  league 5
iter  92  avg placement 5.69  steps  472  shaping 0.00  league 5
iter  93  avg placement 4.62  steps  653  shaping 0.00  league 5
iter  94  avg placement 5.19  steps  671  shaping 0.00  league 5
iter  95  avg placement 5.44  steps  618  shaping 0.00  league 5
iter  96  avg placement 5.31  steps  598  shaping 0.00  league 5
iter  97  avg placement 5.12  steps  667  shaping 0.00  league 5
iter  98  avg placement 5.19  steps  651  shaping 0.00  league 5
iter  99  avg placement 5.81  steps  626  shaping 0.00  league 5
iter 100  avg placement 5.62  steps  628  shaping 0.00  league 5
iter 101  avg placement 5.75  steps  589  shaping 0.00  league 5
iter 102  avg placement 5.50  steps  679  shaping 0.00  league 5
iter 103  avg placement 6.12  steps  511  shaping 0.00  league 5
iter 104  avg placement 5.81  steps  611  shaping 0.00  league 5
iter 105  avg placement 6.19  steps  608  shaping 0.00  league 5
iter 106  avg placement 6.06  steps  553  shaping 0.00  league 5
iter 107  avg placement 6.25  steps  561  shaping 0.00  league 5
iter 108  avg placement 5.88  steps  516  shaping 0.00  league 5
iter 109  avg placement 5.62  steps  628  shaping 0.00  league 5
iter 110  avg placement 5.75  steps  636  shaping 0.00  league 5
iter 111  avg placement 6.12  steps  614  shaping 0.00  league 5
iter 112  avg placement 5.06  steps  751  shaping 0.00  league 5
iter 113  avg placement 5.06  steps  776  shaping 0.00  league 5
iter 114  avg placement 5.19  steps  688  shaping 0.00  league 5
iter 115  avg placement 6.38  steps  528  shaping 0.00  league 5
iter 116  avg placement 5.94  steps  570  shaping 0.00  league 5
iter 117  avg placement 4.50  steps  788  shaping 0.00  league 5
iter 118  avg placement 6.62  steps  497  shaping 0.00  league 5
iter 119  avg placement 6.00  steps  569  shaping 0.00  league 5
iter 120  avg placement 6.69  steps  566  shaping 0.00  league 5
iter 121  avg placement 5.81  steps  643  shaping 0.00  league 5
iter 122  avg placement 5.88  steps  556  shaping 0.00  league 5
iter 123  avg placement 5.12  steps  661  shaping 0.00  league 5
iter 124  avg placement 5.75  steps  576  shaping 0.00  league 5
iter 125  avg placement 4.62  steps  811  shaping 0.00  league 5
iter 126  avg placement 5.31  steps  669  shaping 0.00  league 5
iter 127  avg placement 6.12  steps  533  shaping 0.00  league 5
iter 128  avg placement 5.56  steps  614  shaping 0.00  league 5
iter 129  avg placement 5.75  steps  678  shaping 0.00  league 5
iter 130  avg placement 5.31  steps  704  shaping 0.00  league 5
iter 131  avg placement 5.25  steps  529  shaping 0.00  league 5
iter 132  avg placement 5.19  steps  684  shaping 0.00  league 5
iter 133  avg placement 4.69  steps  688  shaping 0.00  league 5
iter 134  avg placement 5.12  steps  635  shaping 0.00  league 5
iter 135  avg placement 5.25  steps  654  shaping 0.00  league 5
iter 136  avg placement 5.12  steps  666  shaping 0.00  league 5
iter 137  avg placement 5.12  steps  668  shaping 0.00  league 5
iter 138  avg placement 5.75  steps  638  shaping 0.00  league 5
iter 139  avg placement 6.00  steps  698  shaping 0.00  league 5
iter 140  avg placement 5.38  steps  663  shaping 0.00  league 5
iter 141  avg placement 5.62  steps  591  shaping 0.00  league 5
iter 142  avg placement 6.56  steps  491  shaping 0.00  league 5
iter 143  avg placement 5.62  steps  600  shaping 0.00  league 5
iter 144  avg placement 5.25  steps  590  shaping 0.00  league 5
iter 145  avg placement 5.81  steps  578  shaping 0.00  league 5
iter 146  avg placement 5.38  steps  557  shaping 0.00  league 5
iter 147  avg placement 5.56  steps  547  shaping 0.00  league 5
iter 148  avg placement 5.38  steps  666  shaping 0.00  league 5
iter 149  avg placement 5.94  steps  581  shaping 0.00  league 5
iter 150  avg placement 5.88  steps  547  shaping 0.00  league 5
iter 151  avg placement 5.06  steps  677  shaping 0.00  league 5
iter 152  avg placement 6.19  steps  515  shaping 0.00  league 5
iter 153  avg placement 5.44  steps  608  shaping 0.00  league 5
iter 154  avg placement 5.44  steps  623  shaping 0.00  league 5
iter 155  avg placement 5.62  steps  488  shaping 0.00  league 5
iter 156  avg placement 5.38  steps  798  shaping 0.00  league 5
iter 157  avg placement 6.19  steps  589  shaping 0.00  league 5
iter 158  avg placement 5.19  steps  650  shaping 0.00  league 5
iter 159  avg placement 5.62  steps  582  shaping 0.00  league 5
iter 160  avg placement 5.56  steps  587  shaping 0.00  league 5
iter 161  avg placement 5.81  steps  614  shaping 0.00  league 5
iter 162  avg placement 5.69  steps  641  shaping 0.00  league 5
iter 163  avg placement 5.56  steps  550  shaping 0.00  league 5
iter 164  avg placement 5.25  steps  628  shaping 0.00  league 5
iter 165  avg placement 5.62  steps  641  shaping 0.00  league 5
iter 166  avg placement 6.38  steps  515  shaping 0.00  league 5
iter 167  avg placement 5.00  steps  769  shaping 0.00  league 5
iter 168  avg placement 5.44  steps  650  shaping 0.00  league 5
iter 169  avg placement 5.94  steps  557  shaping 0.00  league 5
iter 170  avg placement 5.81  steps  590  shaping 0.00  league 5
iter 171  avg placement 6.25  steps  471  shaping 0.00  league 5
iter 172  avg placement 5.44  steps  591  shaping 0.00  league 5
iter 173  avg placement 5.19  steps  615  shaping 0.00  league 5
iter 174  avg placement 5.12  steps  584  shaping 0.00  league 5
iter 175  avg placement 5.81  steps  530  shaping 0.00  league 5
iter 176  avg placement 5.12  steps  633  shaping 0.00  league 5
iter 177  avg placement 6.00  steps  491  shaping 0.00  league 5
iter 178  avg placement 5.12  steps  611  shaping 0.00  league 5
iter 179  avg placement 6.12  steps  409  shaping 0.00  league 5
iter 180  avg placement 5.12  steps  512  shaping 0.00  league 5
iter 181  avg placement 5.31  steps  582  shaping 0.00  league 5
iter 182  avg placement 6.06  steps  472  shaping 0.00  league 5
iter 183  avg placement 5.94  steps  425  shaping 0.00  league 5
iter 184  avg placement 5.44  steps  509  shaping 0.00  league 5
iter 185  avg placement 5.31  steps  576  shaping 0.00  league 5
iter 186  avg placement 4.81  steps  601  shaping 0.00  league 5
iter 187  avg placement 6.19  steps  539  shaping 0.00  league 5
iter 188  avg placement 5.19  steps  486  shaping 0.00  league 5
iter 189  avg placement 6.06  steps  476  shaping 0.00  league 5
iter 190  avg placement 6.19  steps  535  shaping 0.00  league 5
iter 191  avg placement 5.94  steps  464  shaping 0.00  league 5
iter 192  avg placement 5.56  steps  479  shaping 0.00  league 5
iter 193  avg placement 5.88  steps  509  shaping 0.00  league 5
iter 194  avg placement 5.88  steps  603  shaping 0.00  league 5
iter 195  avg placement 5.19  steps  662  shaping 0.00  league 5
iter 196  avg placement 5.75  steps  624  shaping 0.00  league 5
iter 197  avg placement 5.69  steps  589  shaping 0.00  league 5
iter 198  avg placement 5.50  steps  623  shaping 0.00  league 5
iter 199  avg placement 5.38  steps  578  shaping 0.00  league 5
iter 200  avg placement 5.50  steps  644  shaping 0.00  league 5
iter 201  avg placement 6.19  steps  519  shaping 0.00  league 5
iter 202  avg placement 5.19  steps  600  shaping 0.00  league 5
iter 203  avg placement 5.25  steps  684  shaping 0.00  league 5
iter 204  avg placement 5.62  steps  593  shaping 0.00  league 5
iter 205  avg placement 5.56  steps  630  shaping 0.00  league 5
iter 206  avg placement 5.62  steps  628  shaping 0.00  league 5
iter 207  avg placement 5.12  steps  641  shaping 0.00  league 5
iter 208  avg placement 5.81  steps  607  shaping 0.00  league 5
iter 209  avg placement 5.94  steps  547  shaping 0.00  league 5
iter 210  avg placement 4.88  steps  595  shaping 0.00  league 5
iter 211  avg placement 6.12  steps  482  shaping 0.00  league 5
iter 212  avg placement 5.81  steps  486  shaping 0.00  league 5
iter 213  avg placement 5.69  steps  551  shaping 0.00  league 5
iter 214  avg placement 5.81  steps  570  shaping 0.00  league 5
iter 215  avg placement 5.69  steps  594  shaping 0.00  league 5
iter 216  avg placement 5.19  steps  560  shaping 0.00  league 5
iter 217  avg placement 5.38  steps  595  shaping 0.00  league 5
iter 218  avg placement 5.75  steps  564  shaping 0.00  league 5
iter 219  avg placement 5.38  steps  547  shaping 0.00  league 5
iter 220  avg placement 5.81  steps  602  shaping 0.00  league 5
iter 221  avg placement 6.44  steps  491  shaping 0.00  league 5
iter 222  avg placement 6.25  steps  527  shaping 0.00  league 5
iter 223  avg placement 5.62  steps  646  shaping 0.00  league 5
iter 224  avg placement 6.06  steps  515  shaping 0.00  league 5
iter 225  avg placement 5.62  steps  539  shaping 0.00  league 5
iter 226  avg placement 6.12  steps  565  shaping 0.00  league 5
iter 227  avg placement 5.62  steps  550  shaping 0.00  league 5
iter 228  avg placement 5.75  steps  592  shaping 0.00  league 5
iter 229  avg placement 6.12  steps  531  shaping 0.00  league 5
iter 230  avg placement 5.62  steps  643  shaping 0.00  league 5
iter 231  avg placement 5.81  steps  618  shaping 0.00  league 5
iter 232  avg placement 5.56  steps  607  shaping 0.00  league 5
iter 233  avg placement 5.38  steps  692  shaping 0.00  league 5
iter 234  avg placement 5.94  steps  611  shaping 0.00  league 5
iter 235  avg placement 5.50  steps  718  shaping 0.00  league 5
iter 236  avg placement 6.06  steps  611  shaping 0.00  league 5
iter 237  avg placement 5.81  steps  587  shaping 0.00  league 5
iter 238  avg placement 5.81  steps  699  shaping 0.00  league 5
iter 239  avg placement 5.69  steps  639  shaping 0.00  league 5
iter 240  avg placement 4.75  steps  748  shaping 0.00  league 5
iter 241  avg placement 5.62  steps  655  shaping 0.00  league 5
iter 242  avg placement 5.81  steps  628  shaping 0.00  league 5
iter 243  avg placement 4.31  steps  841  shaping 0.00  league 5
iter 244  avg placement 6.12  steps  557  shaping 0.00  league 5
iter 245  avg placement 5.44  steps  650  shaping 0.00  league 5
iter 246  avg placement 6.06  steps  603  shaping 0.00  league 5
iter 247  avg placement 5.56  steps  707  shaping 0.00  league 5
iter 248  avg placement 5.81  steps  768  shaping 0.00  league 5
iter 249  avg placement 5.94  steps  646  shaping 0.00  league 5
iter 250  avg placement 5.56  steps  549  shaping 0.00  league 5
iter 251  avg placement 6.12  steps  493  shaping 0.00  league 5
iter 252  avg placement 5.75  steps  574  shaping 0.00  league 5
iter 253  avg placement 5.81  steps  540  shaping 0.00  league 5
iter 254  avg placement 5.38  steps  676  shaping 0.00  league 5
iter 255  avg placement 4.56  steps  709  shaping 0.00  league 5
iter 256  avg placement 4.75  steps  704  shaping 0.00  league 5
iter 257  avg placement 5.25  steps  557  shaping 0.00  league 5
iter 258  avg placement 5.56  steps  519  shaping 0.00  league 5
iter 259  avg placement 5.88  steps  545  shaping 0.00  league 5
iter 260  avg placement 5.62  steps  688  shaping 0.00  league 5
iter 261  avg placement 5.31  steps  546  shaping 0.00  league 5
iter 262  avg placement 5.25  steps  708  shaping 0.00  league 5
iter 263  avg placement 5.69  steps  642  shaping 0.00  league 5
iter 264  avg placement 5.31  steps  774  shaping 0.00  league 5
iter 265  avg placement 6.31  steps  532  shaping 0.00  league 5
iter 266  avg placement 6.00  steps  554  shaping 0.00  league 5
iter 267  avg placement 4.94  steps  797  shaping 0.00  league 5
iter 268  avg placement 5.62  steps  671  shaping 0.00  league 5
iter 269  avg placement 4.94  steps  736  shaping 0.00  league 5
iter 270  avg placement 4.94  steps  736  shaping 0.00  league 5
iter 271  avg placement 5.50  steps  686  shaping 0.00  league 5
iter 272  avg placement 5.88  steps  638  shaping 0.00  league 5
iter 273  avg placement 5.25  steps  700  shaping 0.00  league 5
iter 274  avg placement 5.06  steps  800  shaping 0.00  league 5
iter 275  avg placement 5.50  steps  716  shaping 0.00  league 5
iter 276  avg placement 5.88  steps  639  shaping 0.00  league 5
iter 277  avg placement 5.00  steps  827  shaping 0.00  league 5
iter 278  avg placement 5.62  steps  783  shaping 0.00  league 5
iter 279  avg placement 5.38  steps  839  shaping 0.00  league 5
iter 280  avg placement 5.06  steps  847  shaping 0.00  league 5
iter 281  avg placement 4.69  steps  978  shaping 0.00  league 5
iter 282  avg placement 6.56  steps  470  shaping 0.00  league 5
iter 283  avg placement 5.62  steps  688  shaping 0.00  league 5
iter 284  avg placement 5.44  steps  848  shaping 0.00  league 5
iter 285  avg placement 6.06  steps  632  shaping 0.00  league 5
iter 286  avg placement 6.06  steps  671  shaping 0.00  league 5
iter 287  avg placement 5.62  steps  798  shaping 0.00  league 5
iter 288  avg placement 6.06  steps  577  shaping 0.00  league 5
iter 289  avg placement 4.94  steps  956  shaping 0.00  league 5
iter 290  avg placement 5.75  steps  825  shaping 0.00  league 5
iter 291  avg placement 5.94  steps  739  shaping 0.00  league 5
iter 292  avg placement 5.19  steps  928  shaping 0.00  league 5
iter 293  avg placement 4.50  steps 1096  shaping 0.00  league 5
iter 294  avg placement 5.75  steps  703  shaping 0.00  league 5
iter 295  avg placement 5.62  steps  708  shaping 0.00  league 5
iter 296  avg placement 4.81  steps 1087  shaping 0.00  league 5
iter 297  avg placement 5.81  steps  746  shaping 0.00  league 5
iter 298  avg placement 5.94  steps  708  shaping 0.00  league 5
iter 299  avg placement 5.62  steps  715  shaping 0.00  league 5
iter 300  avg placement 5.81  steps  544  shaping 0.00  league 5
iter 301  avg placement 5.25  steps  790  shaping 0.00  league 5
iter 302  avg placement 6.00  steps  627  shaping 0.00  league 5
iter 303  avg placement 5.94  steps  574  shaping 0.00  league 5
iter 304  avg placement 4.94  steps 1055  shaping 0.00  league 5
iter 305  avg placement 4.81  steps  859  shaping 0.00  league 5
iter 306  avg placement 6.12  steps  644  shaping 0.00  league 5
iter 307  avg placement 4.81  steps  857  shaping 0.00  league 5
iter 308  avg placement 4.94  steps  792  shaping 0.00  league 5
iter 309  avg placement 5.56  steps  731  shaping 0.00  league 5
iter 310  avg placement 5.69  steps  731  shaping 0.00  league 5
iter 311  avg placement 5.44  steps  629  shaping 0.00  league 5
iter 312  avg placement 5.88  steps  597  shaping 0.00  league 5
iter 313  avg placement 5.44  steps  690  shaping 0.00  league 5
iter 314  avg placement 6.56  steps  557  shaping 0.00  league 5
iter 315  avg placement 5.88  steps  701  shaping 0.00  league 5
iter 316  avg placement 5.88  steps  713  shaping 0.00  league 5
iter 317  avg placement 5.94  steps  555  shaping 0.00  league 5
iter 318  avg placement 6.19  steps  553  shaping 0.00  league 5
iter 319  avg placement 6.38  steps  545  shaping 0.00  league 5

Saved -> results/ppo_multiseed_v1/seed_1/final.pt
Evaluating vs all-greedy field (1 episodes)…
PPO policy avg placement vs greedy field: 8.00  (<4.5 beats the field)
PPO policy avg placement vs random field: 1.00
