Warm-started from results/ppo_schedule_v1/warm_start.pt
Warm-start contract OK: parameter_sha256=c85de2764718…
KL anchor: results/ppo_schedule_v1/warm_start.pt  coef=0.03
iter   0  avg placement 5.19  steps  569  shaping 1.00  league 0  kl=0.0300
iter   1  avg placement 6.50  steps  429  shaping 0.96  league 0  kl=0.0300
iter   2  avg placement 6.12  steps  477  shaping 0.93  league 0  kl=0.0300
iter   3  avg placement 6.56  steps  442  shaping 0.89  league 0  kl=0.0300
iter   4  avg placement 5.75  steps  473  shaping 0.86  league 0  kl=0.0300
iter   5  avg placement 6.12  steps  469  shaping 0.82  league 0  kl=0.0300
iter   6  avg placement 6.31  steps  405  shaping 0.79  league 0  kl=0.0300
iter   7  avg placement 6.06  steps  518  shaping 0.75  league 0  kl=0.0300
iter   8  avg placement 5.38  steps  519  shaping 0.71  league 1  kl=0.0300
iter   9  avg placement 5.50  steps  559  shaping 0.68  league 1  kl=0.0300
iter  10  avg placement 5.38  steps  566  shaping 0.64  league 1  kl=0.0300
iter  11  avg placement 4.69  steps  607  shaping 0.61  league 1  kl=0.0300
iter  12  avg placement 6.12  steps  428  shaping 0.57  league 1  kl=0.0300
iter  13  avg placement 4.94  steps  592  shaping 0.54  league 1  kl=0.0300
iter  14  avg placement 5.81  steps  581  shaping 0.50  league 1  kl=0.0300
iter  15  avg placement 6.62  steps  413  shaping 0.46  league 1  kl=0.0300
iter  16  avg placement 5.50  steps  538  shaping 0.43  league 2  kl=0.0300
iter  17  avg placement 5.56  steps  512  shaping 0.39  league 2  kl=0.0300
iter  18  avg placement 5.94  steps  497  shaping 0.36  league 2  kl=0.0300
iter  19  avg placement 5.44  steps  507  shaping 0.32  league 2  kl=0.0300
iter  20  avg placement 5.88  steps  527  shaping 0.29  league 2  kl=0.0300
iter  21  avg placement 5.38  steps  495  shaping 0.25  league 2  kl=0.0300
iter  22  avg placement 5.81  steps  469  shaping 0.21  league 2  kl=0.0300
iter  23  avg placement 5.81  steps  494  shaping 0.18  league 2  kl=0.0300
iter  24  avg placement 5.50  steps  488  shaping 0.14  league 3  kl=0.0300
iter  25  avg placement 5.62  steps  526  shaping 0.11  league 3  kl=0.0300
iter  26  avg placement 5.50  steps  510  shaping 0.07  league 3  kl=0.0300
iter  27  avg placement 5.62  steps  488  shaping 0.04  league 3  kl=0.0300
iter  28  avg placement 4.94  steps  608  shaping 0.00  league 3  kl=0.0300
iter  29  avg placement 5.38  steps  566  shaping 0.00  league 3  kl=0.0300
iter  30  avg placement 5.31  steps  561  shaping 0.00  league 3  kl=0.0300
iter  31  avg placement 5.62  steps  541  shaping 0.00  league 3  kl=0.0300
iter  32  avg placement 6.31  steps  446  shaping 0.00  league 4  kl=0.0300
iter  33  avg placement 5.75  steps  460  shaping 0.00  league 4  kl=0.0300
iter  34  avg placement 4.56  steps  601  shaping 0.00  league 4  kl=0.0300
iter  35  avg placement 4.69  steps  609  shaping 0.00  league 4  kl=0.0300
iter  36  avg placement 6.06  steps  439  shaping 0.00  league 4  kl=0.0300
iter  37  avg placement 5.56  steps  491  shaping 0.00  league 4  kl=0.0300
iter  38  avg placement 5.50  steps  542  shaping 0.00  league 4  kl=0.0300
iter  39  avg placement 5.00  steps  581  shaping 0.00  league 4  kl=0.0300
iter  40  avg placement 5.00  steps  619  shaping 0.00  league 5  kl=0.0300
iter  41  avg placement 5.50  steps  542  shaping 0.00  league 5  kl=0.0300
iter  42  avg placement 5.38  steps  553  shaping 0.00  league 5  kl=0.0300
iter  43  avg placement 6.19  steps  446  shaping 0.00  league 5  kl=0.0300
iter  44  avg placement 5.62  steps  501  shaping 0.00  league 5  kl=0.0300
iter  45  avg placement 6.31  steps  457  shaping 0.00  league 5  kl=0.0300
iter  46  avg placement 5.00  steps  626  shaping 0.00  league 5  kl=0.0300
iter  47  avg placement 5.75  steps  481  shaping 0.00  league 5  kl=0.0300
iter  48  avg placement 5.81  steps  532  shaping 0.00  league 5  kl=0.0300
iter  49  avg placement 5.81  steps  523  shaping 0.00  league 5  kl=0.0300
iter  50  avg placement 5.56  steps  554  shaping 0.00  league 5  kl=0.0300
iter  51  avg placement 5.38  steps  563  shaping 0.00  league 5  kl=0.0300
iter  52  avg placement 5.19  steps  579  shaping 0.00  league 5  kl=0.0300
iter  53  avg placement 5.25  steps  609  shaping 0.00  league 5  kl=0.0300
iter  54  avg placement 5.62  steps  547  shaping 0.00  league 5  kl=0.0300
iter  55  avg placement 4.81  steps  727  shaping 0.00  league 5  kl=0.0300
iter  56  avg placement 5.31  steps  584  shaping 0.00  league 5  kl=0.0300
iter  57  avg placement 5.19  steps  655  shaping 0.00  league 5  kl=0.0300
iter  58  avg placement 5.25  steps  550  shaping 0.00  league 5  kl=0.0300
iter  59  avg placement 5.19  steps  654  shaping 0.00  league 5  kl=0.0300
iter  60  avg placement 5.50  steps  540  shaping 0.00  league 5  kl=0.0300
iter  61  avg placement 5.56  steps  442  shaping 0.00  league 5  kl=0.0300
iter  62  avg placement 5.38  steps  516  shaping 0.00  league 5  kl=0.0300
iter  63  avg placement 4.31  steps  723  shaping 0.00  league 5  kl=0.0300
iter  64  avg placement 4.94  steps  642  shaping 0.00  league 5  kl=0.0300
iter  65  avg placement 5.56  steps  651  shaping 0.00  league 5  kl=0.0300
iter  66  avg placement 5.31  steps  617  shaping 0.00  league 5  kl=0.0300
iter  67  avg placement 5.81  steps  543  shaping 0.00  league 5  kl=0.0300
iter  68  avg placement 5.12  steps  598  shaping 0.00  league 5  kl=0.0300
iter  69  avg placement 5.44  steps  574  shaping 0.00  league 5  kl=0.0300
iter  70  avg placement 5.12  steps  710  shaping 0.00  league 5  kl=0.0300
iter  71  avg placement 5.94  steps  476  shaping 0.00  league 5  kl=0.0300
iter  72  avg placement 6.19  steps  450  shaping 0.00  league 5  kl=0.0300
iter  73  avg placement 6.25  steps  450  shaping 0.00  league 5  kl=0.0300
iter  74  avg placement 5.19  steps  572  shaping 0.00  league 5  kl=0.0300
iter  75  avg placement 5.62  steps  562  shaping 0.00  league 5  kl=0.0300
iter  76  avg placement 6.31  steps  456  shaping 0.00  league 5  kl=0.0300
iter  77  avg placement 5.31  steps  537  shaping 0.00  league 5  kl=0.0300
iter  78  avg placement 5.44  steps  594  shaping 0.00  league 5  kl=0.0300
iter  79  avg placement 4.94  steps  663  shaping 0.00  league 5  kl=0.0300
iter  80  avg placement 5.38  steps  587  shaping 0.00  league 5  kl=0.0300
iter  81  avg placement 4.50  steps  678  shaping 0.00  league 5  kl=0.0300
iter  82  avg placement 5.38  steps  561  shaping 0.00  league 5  kl=0.0300
iter  83  avg placement 5.06  steps  516  shaping 0.00  league 5  kl=0.0300
iter  84  avg placement 5.50  steps  602  shaping 0.00  league 5  kl=0.0300
iter  85  avg placement 4.81  steps  675  shaping 0.00  league 5  kl=0.0300
iter  86  avg placement 5.19  steps  617  shaping 0.00  league 5  kl=0.0300
iter  87  avg placement 4.94  steps  574  shaping 0.00  league 5  kl=0.0300
iter  88  avg placement 4.56  steps  623  shaping 0.00  league 5  kl=0.0300
iter  89  avg placement 5.06  steps  579  shaping 0.00  league 5  kl=0.0300
iter  90  avg placement 6.19  steps  498  shaping 0.00  league 5  kl=0.0300
iter  91  avg placement 5.62  steps  462  shaping 0.00  league 5  kl=0.0300
iter  92  avg placement 6.12  steps  510  shaping 0.00  league 5  kl=0.0300
iter  93  avg placement 5.94  steps  453  shaping 0.00  league 5  kl=0.0300
iter  94  avg placement 5.88  steps  540  shaping 0.00  league 5  kl=0.0300
iter  95  avg placement 5.50  steps  514  shaping 0.00  league 5  kl=0.0300
iter  96  avg placement 5.75  steps  542  shaping 0.00  league 5  kl=0.0300
iter  97  avg placement 5.19  steps  597  shaping 0.00  league 5  kl=0.0300
iter  98  avg placement 4.88  steps  672  shaping 0.00  league 5  kl=0.0300
iter  99  avg placement 5.00  steps  592  shaping 0.00  league 5  kl=0.0300
iter 100  avg placement 6.19  steps  482  shaping 0.00  league 5  kl=0.0300
iter 101  avg placement 5.44  steps  582  shaping 0.00  league 5  kl=0.0300
iter 102  avg placement 5.50  steps  523  shaping 0.00  league 5  kl=0.0300
iter 103  avg placement 5.50  steps  513  shaping 0.00  league 5  kl=0.0300
iter 104  avg placement 4.81  steps  509  shaping 0.00  league 5  kl=0.0300
iter 105  avg placement 5.56  steps  446  shaping 0.00  league 5  kl=0.0300
iter 106  avg placement 5.44  steps  461  shaping 0.00  league 5  kl=0.0300
iter 107  avg placement 6.00  steps  429  shaping 0.00  league 5  kl=0.0300
iter 108  avg placement 5.81  steps  437  shaping 0.00  league 5  kl=0.0300
iter 109  avg placement 6.06  steps  427  shaping 0.00  league 5  kl=0.0300
iter 110  avg placement 6.19  steps  435  shaping 0.00  league 5  kl=0.0300
iter 111  avg placement 5.31  steps  473  shaping 0.00  league 5  kl=0.0300
iter 112  avg placement 5.31  steps  435  shaping 0.00  league 5  kl=0.0300
iter 113  avg placement 5.44  steps  525  shaping 0.00  league 5  kl=0.0300
iter 114  avg placement 4.44  steps  532  shaping 0.00  league 5  kl=0.0300
iter 115  avg placement 5.88  steps  449  shaping 0.00  league 5  kl=0.0300
iter 116  avg placement 5.56  steps  486  shaping 0.00  league 5  kl=0.0300
iter 117  avg placement 5.00  steps  497  shaping 0.00  league 5  kl=0.0300
iter 118  avg placement 5.50  steps  558  shaping 0.00  league 5  kl=0.0300
iter 119  avg placement 5.56  steps  516  shaping 0.00  league 5  kl=0.0300
iter 120  avg placement 4.38  steps  608  shaping 0.00  league 5  kl=0.0300
iter 121  avg placement 4.81  steps  612  shaping 0.00  league 5  kl=0.0300
iter 122  avg placement 4.19  steps  710  shaping 0.00  league 5  kl=0.0300
iter 123  avg placement 5.69  steps  524  shaping 0.00  league 5  kl=0.0300
iter 124  avg placement 6.06  steps  464  shaping 0.00  league 5  kl=0.0300
iter 125  avg placement 5.88  steps  514  shaping 0.00  league 5  kl=0.0300
iter 126  avg placement 5.62  steps  529  shaping 0.00  league 5  kl=0.0300
iter 127  avg placement 5.44  steps  537  shaping 0.00  league 5  kl=0.0300
iter 128  avg placement 5.25  steps  581  shaping 0.00  league 5  kl=0.0300
iter 129  avg placement 5.50  steps  538  shaping 0.00  league 5  kl=0.0300
iter 130  avg placement 5.69  steps  541  shaping 0.00  league 5  kl=0.0300
iter 131  avg placement 6.06  steps  452  shaping 0.00  league 5  kl=0.0300
iter 132  avg placement 6.25  steps  475  shaping 0.00  league 5  kl=0.0300
iter 133  avg placement 4.94  steps  594  shaping 0.00  league 5  kl=0.0300
iter 134  avg placement 6.19  steps  566  shaping 0.00  league 5  kl=0.0300
iter 135  avg placement 5.75  steps  535  shaping 0.00  league 5  kl=0.0300
iter 136  avg placement 5.12  steps  570  shaping 0.00  league 5  kl=0.0300
iter 137  avg placement 5.81  steps  555  shaping 0.00  league 5  kl=0.0300
iter 138  avg placement 4.94  steps  618  shaping 0.00  league 5  kl=0.0300
iter 139  avg placement 5.31  steps  527  shaping 0.00  league 5  kl=0.0300
iter 140  avg placement 5.25  steps  619  shaping 0.00  league 5  kl=0.0300
iter 141  avg placement 5.25  steps  616  shaping 0.00  league 5  kl=0.0300
iter 142  avg placement 5.12  steps  557  shaping 0.00  league 5  kl=0.0300
iter 143  avg placement 5.19  steps  556  shaping 0.00  league 5  kl=0.0300
iter 144  avg placement 5.38  steps  512  shaping 0.00  league 5  kl=0.0300
iter 145  avg placement 5.12  steps  578  shaping 0.00  league 5  kl=0.0300
iter 146  avg placement 5.50  steps  595  shaping 0.00  league 5  kl=0.0300
iter 147  avg placement 5.56  steps  552  shaping 0.00  league 5  kl=0.0300
iter 148  avg placement 6.00  steps  438  shaping 0.00  league 5  kl=0.0300
iter 149  avg placement 6.00  steps  519  shaping 0.00  league 5  kl=0.0300
iter 150  avg placement 5.12  steps  668  shaping 0.00  league 5  kl=0.0300
iter 151  avg placement 5.56  steps  540  shaping 0.00  league 5  kl=0.0300
iter 152  avg placement 6.81  steps  444  shaping 0.00  league 5  kl=0.0300
iter 153  avg placement 5.50  steps  533  shaping 0.00  league 5  kl=0.0300
iter 154  avg placement 5.88  steps  478  shaping 0.00  league 5  kl=0.0300
iter 155  avg placement 6.38  steps  491  shaping 0.00  league 5  kl=0.0300
iter 156  avg placement 5.06  steps  638  shaping 0.00  league 5  kl=0.0300
iter 157  avg placement 6.00  steps  572  shaping 0.00  league 5  kl=0.0300
iter 158  avg placement 5.75  steps  548  shaping 0.00  league 5  kl=0.0300
iter 159  avg placement 5.69  steps  551  shaping 0.00  league 5  kl=0.0300
iter 160  avg placement 5.94  steps  526  shaping 0.00  league 5  kl=0.0300
iter 161  avg placement 5.81  steps  564  shaping 0.00  league 5  kl=0.0300
iter 162  avg placement 5.69  steps  553  shaping 0.00  league 5  kl=0.0300
iter 163  avg placement 5.12  steps  606  shaping 0.00  league 5  kl=0.0300
iter 164  avg placement 5.62  steps  559  shaping 0.00  league 5  kl=0.0300
iter 165  avg placement 5.00  steps  661  shaping 0.00  league 5  kl=0.0300
iter 166  avg placement 6.56  steps  507  shaping 0.00  league 5  kl=0.0300
iter 167  avg placement 4.19  steps  812  shaping 0.00  league 5  kl=0.0300
iter 168  avg placement 5.31  steps  553  shaping 0.00  league 5  kl=0.0300
iter 169  avg placement 5.75  steps  553  shaping 0.00  league 5  kl=0.0300
iter 170  avg placement 6.19  steps  547  shaping 0.00  league 5  kl=0.0300
iter 171  avg placement 5.75  steps  481  shaping 0.00  league 5  kl=0.0300
iter 172  avg placement 5.69  steps  549  shaping 0.00  league 5  kl=0.0300
iter 173  avg placement 5.50  steps  630  shaping 0.00  league 5  kl=0.0300
iter 174  avg placement 5.69  steps  566  shaping 0.00  league 5  kl=0.0300
iter 175  avg placement 5.75  steps  557  shaping 0.00  league 5  kl=0.0300
iter 176  avg placement 5.94  steps  497  shaping 0.00  league 5  kl=0.0300
iter 177  avg placement 6.06  steps  513  shaping 0.00  league 5  kl=0.0300
iter 178  avg placement 5.19  steps  587  shaping 0.00  league 5  kl=0.0300
iter 179  avg placement 6.00  steps  509  shaping 0.00  league 5  kl=0.0300
iter 180  avg placement 5.88  steps  551  shaping 0.00  league 5  kl=0.0300
iter 181  avg placement 5.75  steps  569  shaping 0.00  league 5  kl=0.0300
iter 182  avg placement 4.19  steps  759  shaping 0.00  league 5  kl=0.0300
iter 183  avg placement 6.19  steps  490  shaping 0.00  league 5  kl=0.0300
iter 184  avg placement 6.00  steps  469  shaping 0.00  league 5  kl=0.0300
iter 185  avg placement 5.06  steps  576  shaping 0.00  league 5  kl=0.0300
iter 186  avg placement 4.50  steps  678  shaping 0.00  league 5  kl=0.0300
iter 187  avg placement 6.25  steps  461  shaping 0.00  league 5  kl=0.0300
iter 188  avg placement 5.88  steps  482  shaping 0.00  league 5  kl=0.0300
iter 189  avg placement 5.00  steps  556  shaping 0.00  league 5  kl=0.0300
iter 190  avg placement 5.19  steps  511  shaping 0.00  league 5  kl=0.0300
iter 191  avg placement 5.25  steps  549  shaping 0.00  league 5  kl=0.0300
iter 192  avg placement 4.50  steps  652  shaping 0.00  league 5  kl=0.0300
iter 193  avg placement 4.75  steps  641  shaping 0.00  league 5  kl=0.0300
iter 194  avg placement 5.38  steps  564  shaping 0.00  league 5  kl=0.0300
iter 195  avg placement 5.81  steps  598  shaping 0.00  league 5  kl=0.0300
iter 196  avg placement 5.19  steps  547  shaping 0.00  league 5  kl=0.0300
iter 197  avg placement 5.62  steps  505  shaping 0.00  league 5  kl=0.0300
iter 198  avg placement 6.19  steps  446  shaping 0.00  league 5  kl=0.0300
iter 199  avg placement 4.94  steps  597  shaping 0.00  league 5  kl=0.0300
iter 200  avg placement 4.62  steps  583  shaping 0.00  league 5  kl=0.0300
iter 201  avg placement 4.94  steps  614  shaping 0.00  league 5  kl=0.0300
iter 202  avg placement 4.81  steps  593  shaping 0.00  league 5  kl=0.0300
iter 203  avg placement 5.88  steps  447  shaping 0.00  league 5  kl=0.0300
iter 204  avg placement 4.56  steps  653  shaping 0.00  league 5  kl=0.0300
iter 205  avg placement 5.81  steps  515  shaping 0.00  league 5  kl=0.0300
iter 206  avg placement 5.38  steps  541  shaping 0.00  league 5  kl=0.0300
iter 207  avg placement 6.44  steps  411  shaping 0.00  league 5  kl=0.0300
iter 208  avg placement 4.62  steps  619  shaping 0.00  league 5  kl=0.0300
iter 209  avg placement 4.62  steps  539  shaping 0.00  league 5  kl=0.0300
iter 210  avg placement 5.69  steps  493  shaping 0.00  league 5  kl=0.0300
iter 211  avg placement 4.44  steps  559  shaping 0.00  league 5  kl=0.0300
iter 212  avg placement 4.75  steps  553  shaping 0.00  league 5  kl=0.0300
iter 213  avg placement 5.44  steps  447  shaping 0.00  league 5  kl=0.0300
iter 214  avg placement 5.00  steps  584  shaping 0.00  league 5  kl=0.0300
iter 215  avg placement 5.31  steps  479  shaping 0.00  league 5  kl=0.0300
iter 216  avg placement 6.12  steps  458  shaping 0.00  league 5  kl=0.0300
iter 217  avg placement 5.06  steps  544  shaping 0.00  league 5  kl=0.0300
iter 218  avg placement 5.19  steps  538  shaping 0.00  league 5  kl=0.0300
iter 219  avg placement 5.62  steps  472  shaping 0.00  league 5  kl=0.0300
iter 220  avg placement 4.94  steps  570  shaping 0.00  league 5  kl=0.0300
iter 221  avg placement 5.44  steps  513  shaping 0.00  league 5  kl=0.0300
iter 222  avg placement 5.38  steps  574  shaping 0.00  league 5  kl=0.0300
iter 223  avg placement 5.50  steps  532  shaping 0.00  league 5  kl=0.0300
iter 224  avg placement 5.69  steps  543  shaping 0.00  league 5  kl=0.0300
iter 225  avg placement 6.19  steps  411  shaping 0.00  league 5  kl=0.0300
iter 226  avg placement 6.00  steps  430  shaping 0.00  league 5  kl=0.0300
iter 227  avg placement 6.19  steps  429  shaping 0.00  league 5  kl=0.0300
iter 228  avg placement 5.31  steps  492  shaping 0.00  league 5  kl=0.0300
iter 229  avg placement 5.31  steps  529  shaping 0.00  league 5  kl=0.0300
iter 230  avg placement 5.12  steps  599  shaping 0.00  league 5  kl=0.0300
iter 231  avg placement 6.06  steps  467  shaping 0.00  league 5  kl=0.0300
iter 232  avg placement 5.56  steps  502  shaping 0.00  league 5  kl=0.0300
iter 233  avg placement 6.00  steps  483  shaping 0.00  league 5  kl=0.0300
iter 234  avg placement 5.25  steps  588  shaping 0.00  league 5  kl=0.0300
iter 235  avg placement 5.50  steps  600  shaping 0.00  league 5  kl=0.0300
iter 236  avg placement 5.69  steps  519  shaping 0.00  league 5  kl=0.0300
iter 237  avg placement 5.00  steps  688  shaping 0.00  league 5  kl=0.0300
iter 238  avg placement 5.50  steps  478  shaping 0.00  league 5  kl=0.0300
iter 239  avg placement 6.12  steps  535  shaping 0.00  league 5  kl=0.0300
iter 240  avg placement 5.12  steps  688  shaping 0.00  league 5  kl=0.0300
iter 241  avg placement 4.81  steps  602  shaping 0.00  league 5  kl=0.0300
iter 242  avg placement 4.38  steps  725  shaping 0.00  league 5  kl=0.0300
iter 243  avg placement 5.62  steps  504  shaping 0.00  league 5  kl=0.0300
iter 244  avg placement 5.19  steps  580  shaping 0.00  league 5  kl=0.0300
iter 245  avg placement 5.12  steps  496  shaping 0.00  league 5  kl=0.0300
iter 246  avg placement 5.38  steps  533  shaping 0.00  league 5  kl=0.0300
iter 247  avg placement 5.25  steps  618  shaping 0.00  league 5  kl=0.0300
iter 248  avg placement 4.62  steps  688  shaping 0.00  league 5  kl=0.0300
iter 249  avg placement 6.06  steps  483  shaping 0.00  league 5  kl=0.0300
iter 250  avg placement 5.56  steps  544  shaping 0.00  league 5  kl=0.0300
iter 251  avg placement 4.94  steps  596  shaping 0.00  league 5  kl=0.0300
iter 252  avg placement 5.56  steps  521  shaping 0.00  league 5  kl=0.0300
iter 253  avg placement 4.62  steps  670  shaping 0.00  league 5  kl=0.0300
iter 254  avg placement 5.69  steps  524  shaping 0.00  league 5  kl=0.0300
iter 255  avg placement 5.38  steps  550  shaping 0.00  league 5  kl=0.0300
iter 256  avg placement 5.38  steps  622  shaping 0.00  league 5  kl=0.0300
iter 257  avg placement 3.94  steps  708  shaping 0.00  league 5  kl=0.0300
iter 258  avg placement 5.44  steps  592  shaping 0.00  league 5  kl=0.0300
iter 259  avg placement 5.50  steps  490  shaping 0.00  league 5  kl=0.0300
iter 260  avg placement 4.38  steps  655  shaping 0.00  league 5  kl=0.0300
iter 261  avg placement 5.62  steps  545  shaping 0.00  league 5  kl=0.0300
iter 262  avg placement 5.44  steps  520  shaping 0.00  league 5  kl=0.0300
iter 263  avg placement 4.62  steps  589  shaping 0.00  league 5  kl=0.0300
iter 264  avg placement 5.25  steps  620  shaping 0.00  league 5  kl=0.0300
iter 265  avg placement 5.88  steps  462  shaping 0.00  league 5  kl=0.0300
iter 266  avg placement 5.56  steps  564  shaping 0.00  league 5  kl=0.0300
iter 267  avg placement 5.75  steps  522  shaping 0.00  league 5  kl=0.0300
iter 268  avg placement 5.75  steps  509  shaping 0.00  league 5  kl=0.0300
iter 269  avg placement 5.19  steps  552  shaping 0.00  league 5  kl=0.0300
iter 270  avg placement 5.50  steps  486  shaping 0.00  league 5  kl=0.0300
iter 271  avg placement 4.88  steps  559  shaping 0.00  league 5  kl=0.0300
iter 272  avg placement 4.88  steps  521  shaping 0.00  league 5  kl=0.0300
iter 273  avg placement 5.19  steps  556  shaping 0.00  league 5  kl=0.0300
iter 274  avg placement 5.94  steps  452  shaping 0.00  league 5  kl=0.0300
iter 275  avg placement 5.62  steps  466  shaping 0.00  league 5  kl=0.0300
iter 276  avg placement 6.06  steps  433  shaping 0.00  league 5  kl=0.0300
iter 277  avg placement 6.19  steps  445  shaping 0.00  league 5  kl=0.0300
iter 278  avg placement 5.06  steps  558  shaping 0.00  league 5  kl=0.0300
iter 279  avg placement 5.50  steps  520  shaping 0.00  league 5  kl=0.0300
iter 280  avg placement 5.25  steps  566  shaping 0.00  league 5  kl=0.0300
iter 281  avg placement 6.00  steps  477  shaping 0.00  league 5  kl=0.0300
iter 282  avg placement 5.62  steps  549  shaping 0.00  league 5  kl=0.0300
iter 283  avg placement 5.81  steps  518  shaping 0.00  league 5  kl=0.0300
iter 284  avg placement 5.62  steps  580  shaping 0.00  league 5  kl=0.0300
iter 285  avg placement 4.75  steps  577  shaping 0.00  league 5  kl=0.0300
iter 286  avg placement 5.38  steps  619  shaping 0.00  league 5  kl=0.0300
iter 287  avg placement 6.69  steps  474  shaping 0.00  league 5  kl=0.0300
iter 288  avg placement 5.56  steps  586  shaping 0.00  league 5  kl=0.0300
iter 289  avg placement 5.00  steps  571  shaping 0.00  league 5  kl=0.0300
iter 290  avg placement 5.69  steps  539  shaping 0.00  league 5  kl=0.0300
iter 291  avg placement 5.94  steps  524  shaping 0.00  league 5  kl=0.0300
iter 292  avg placement 5.56  steps  566  shaping 0.00  league 5  kl=0.0300
iter 293  avg placement 4.94  steps  571  shaping 0.00  league 5  kl=0.0300
iter 294  avg placement 5.75  steps  525  shaping 0.00  league 5  kl=0.0300
iter 295  avg placement 5.81  steps  497  shaping 0.00  league 5  kl=0.0300
iter 296  avg placement 5.00  steps  520  shaping 0.00  league 5  kl=0.0300
iter 297  avg placement 5.62  steps  482  shaping 0.00  league 5  kl=0.0300
iter 298  avg placement 5.75  steps  518  shaping 0.00  league 5  kl=0.0300
iter 299  avg placement 5.25  steps  576  shaping 0.00  league 5  kl=0.0300
iter 300  avg placement 5.69  steps  528  shaping 0.00  league 5  kl=0.0300
iter 301  avg placement 5.19  steps  562  shaping 0.00  league 5  kl=0.0300
iter 302  avg placement 4.06  steps  684  shaping 0.00  league 5  kl=0.0300
iter 303  avg placement 5.31  steps  530  shaping 0.00  league 5  kl=0.0300
iter 304  avg placement 5.56  steps  519  shaping 0.00  league 5  kl=0.0300
iter 305  avg placement 4.88  steps  677  shaping 0.00  league 5  kl=0.0300
iter 306  avg placement 5.81  steps  512  shaping 0.00  league 5  kl=0.0300
iter 307  avg placement 5.00  steps  677  shaping 0.00  league 5  kl=0.0300
iter 308  avg placement 4.69  steps  717  shaping 0.00  league 5  kl=0.0300
iter 309  avg placement 4.62  steps  746  shaping 0.00  league 5  kl=0.0300
iter 310  avg placement 4.75  steps  621  shaping 0.00  league 5  kl=0.0300
iter 311  avg placement 5.06  steps  537  shaping 0.00  league 5  kl=0.0300
iter 312  avg placement 5.56  steps  576  shaping 0.00  league 5  kl=0.0300
iter 313  avg placement 5.06  steps  625  shaping 0.00  league 5  kl=0.0300
iter 314  avg placement 5.25  steps  577  shaping 0.00  league 5  kl=0.0300
iter 315  avg placement 4.75  steps  585  shaping 0.00  league 5  kl=0.0300
iter 316  avg placement 5.50  steps  539  shaping 0.00  league 5  kl=0.0300
iter 317  avg placement 5.50  steps  494  shaping 0.00  league 5  kl=0.0300
iter 318  avg placement 5.38  steps  563  shaping 0.00  league 5  kl=0.0300
iter 319  avg placement 6.06  steps  463  shaping 0.00  league 5  kl=0.0300

Saved -> results/ppo_schedule_v1/shadow_control_equiv/seed_0/final.pt
Evaluating vs all-greedy field (1 episodes)…
PPO policy avg placement vs greedy field: 8.00  (<4.5 beats the field)
PPO policy avg placement vs random field: 1.00
